✖ closed locker door stops sustained walking until interaction (1.185ms)
✔ loading-bay crate has physical collision (0.1743ms)
✖ locker regions have interior walls and furnishings (2.2584ms)
✔ arena crowd instances all have initialized positions (1.7012ms)
ℹ tests 4
ℹ suites 0
ℹ pass 2
ℹ fail 2
ℹ cancelled 0
ℹ skipped 0
ℹ todo 0
ℹ duration_ms 163.6475

✖ failing tests:

test at tests\brutal-acceptance.mjs:6:1
✖ closed locker door stops sustained walking until interaction (1.185ms)
  AssertionError [ERR_ASSERTION]: Closed Rhea doorway is passable without E
      at TestContext.<anonymous> (file:///E:/shadow%20fight/tests/brutal-acceptance.mjs:9:9)
      at Test.runInAsyncScope (node:async_hooks:214:14)
      at Test.run (node:internal/test_runner/test:1103:25)
      at Test.start (node:internal/test_runner/test:1000:17)
      at startSubtestAfterBootstrap (node:internal/test_runner/harness:358:17) {
    generatedMessage: false,
    code: 'ERR_ASSERTION',
    actual: false,
    expected: true,
    operator: '==',
    diff: 'simple'
  }

test at tests\brutal-acceptance.mjs:16:1
✖ locker regions have interior walls and furnishings (2.2584ms)
  AssertionError [ERR_ASSERTION]: Colored floor regions do not constitute furnished locker rooms
      at TestContext.<anonymous> (file:///E:/shadow%20fight/tests/brutal-acceptance.mjs:18:9)
      at Test.runInAsyncScope (node:async_hooks:214:14)
      at Test.run (node:internal/test_runner/test:1103:25)
      at Test.processPendingSubtests (node:internal/test_runner/test:785:18)
      at Test.postRun (node:internal/test_runner/test:1232:19)
      at Test.run (node:internal/test_runner/test:1160:12)
      at async Test.processPendingSubtests (node:internal/test_runner/test:785:7) {
    generatedMessage: false,
    code: 'ERR_ASSERTION',
    actual: false,
    expected: true,
    operator: '==',
    diff: 'simple'
  }
