
> sites-project@0.1.0 build
> vinext build


  vinext build  (Vite 8.0.13)

(node:39276) [DEP0040] DeprecationWarning: The `punycode` module is deprecated. Please use a userland alternative instead.
(Use `node --trace-deprecation ...` to show where the warning was created)
[1/5] analyze client references...
[2K
transforming...✓ 232 modules transformed.
rendering chunks...
✓ built in 660ms
[2/5] analyze server references...
[2K
transforming...✓ 171 modules transformed.
rendering chunks...
✓ built in 926ms
[3/5] build rsc environment...
[2K
transforming...✓ 229 modules transformed.
rendering chunks...
computing gzip size...
✓ built in 464ms
[4/5] build client environment...
[2K
transforming...✓ 179 modules transformed.
rendering chunks...
computing gzip size...
[plugin builtin:vite-reporter] 
(!) Some chunks are larger than 500 kB after minification. Consider:
- Using dynamic import() to code-split the application
- Use build.rolldownOptions.output.codeSplitting to improve chunking: https://rolldown.rs/reference/OutputOptions.codeSplitting
- Adjust chunk size limit for this warning via build.chunkSizeWarningLimit.
✓ built in 946ms
[5/5] build ssr environment...
[2K
transforming...✓ 173 modules transformed.
rendering chunks...
computing gzip size...
✓ built in 662ms
[0m
  Route (app)
  ┌ ? /          
  ├ ? /3d-match  
  ├ ? /3d-sandbox
  ├ ? /backstage 
  └ ? /entrance  

  ? Unknown

  ? Some routes could not be classified. vinext currently uses static analysis
    and cannot detect dynamic API usage (headers(), cookies(), etc.) at build time.
    Automatic classification will be improved in a future release.
  Build complete. Run `vinext start` to start the production server.

