✔ keyboard movement changes position and stays inside legacy bounds (8.332ms)
✔ paused match rejects combat and preserves the whole simulation snapshot (0.6339ms)
✔ one paired move owns both actors until release (0.39ms)
✔ block reduces incoming light-strike damage to one fifth (0.388ms)
✔ invalid upgrade requests do not mutate a profile (0.3715ms)
✔ legacy profile parsing bounds nonfinite and negative counters (0.3512ms)
✔ same injected random stream and input reproduce a match (2.4101ms)
✔ completed match ignores later movement and damage (0.2762ms)
✔ no input selects idle and keeps the player grounded (1.4343ms)
✔ walking uses delta time and faces the world movement direction (0.396ms)
✔ delta-time integration is stable across different frame steps (0.3264ms)
✔ running changes speed only when shift intent is active (0.1992ms)
✔ diagonal movement is normalized (0.1905ms)
✔ ground constraint prevents vertical drift and clamps world-space bounds (0.2262ms)
✔ turning follows the shortest path and remains damped (0.177ms)
✔ animation selection follows movement state, not keyboard codes (0.184ms)
✔ development asset contract names the required skeletal clips (1.1754ms)
✔ camera offset remains finite and follows orbit mathematics (0.3971ms)
✔ keyboard input clears held keys on blur and focus restore (0.5392ms)
✔ turn calculations stay finite under repeated direction changes (1.7212ms)
✔ fixed clock emits deterministic ticks and bounded catch-up (0.2951ms)
✔ two actors start grounded and CPU locomotion approaches without input-reading (2.6418ms)
✔ player world-space movement and ring bounds are enforced (0.3401ms)
✔ deep overlap is separated without teleporting outside legal space (0.2339ms)
✔ actors face each other with finite smooth yaw values (0.5958ms)
✔ broadcast midpoint helper damps toward both actors (0.3707ms)
✔ ring source defines raised platform, apron, posts, turnbuckles and ropes (0.6333ms)
✔ light strike has startup, active, recovery and exactly one hit (1.0485ms)
✔ out-of-range attack misses and does not damage (0.1632ms)
✔ stamina is consumed then recovers without soft-lock (0.4667ms)
✔ blocking reduces incoming damage and prevents knockdown (0.1759ms)
✔ heavy hit causes knockdown and controlled recovery (0.2519ms)
✔ successful combat increases momentum and hit reaction (0.1238ms)
✔ CPU attacks occasionally but not continuously (0.1761ms)
✔ combat states gate movement while idle remains available (0.1048ms)
✔ grapple connects, synchronizes poses and releases after impact
✔ out-of-range grapple misses and unlocks
✔ submission can be escaped before completion
✔ submission completes when escape input is absent
✔ signature and finisher require momentum and consume it
✔ move definitions expose stable costs and camera cue
ℹ tests 6
ℹ pass 6
ℹ fail 0
✔ tests\phase4.mjs (180.1884ms)
✔ arena contains stage, tunnel, ramp, screen, barricades, crowd and commentary area
✔ six finite camera anchors are available
✔ crowd uses one instanced mesh for bounded draw overhead
ℹ tests 3
ℹ pass 3
ℹ fail 0
✔ tests\phase5.mjs (226.0457ms)
✔ four distinct entrance timelines complete through ring pose
✔ stage, ramp, ringside, ring-entry and ring-pose states are observed
✔ skip is stable at stage, ramp and ringside and sequential timelines are isolated
ℹ tests 3
ℹ pass 3
ℹ fail 0
✔ tests\phase6.mjs (192.1544ms)
✔ backstage world has nine connected zones and reusable anchors
✔ movement remains finite and clamps to world bounds
✔ interaction range toggles correctly and all destination zones resolve
ℹ tests 3
ℹ pass 3
ℹ fail 0
✔ tests\phase7.mjs (235.6085ms)
ℹ tests 39
ℹ suites 0
ℹ pass 39
ℹ fail 0
ℹ cancelled 0
ℹ skipped 0
ℹ todo 0
ℹ duration_ms 822.4701
