
  vinext build  (Vite 8.0.13)

[1/5] analyze client references...
[2Ktransforming...✓ 226 modules transformed.
rendering chunks...
✓ built in 584ms
[2/5] analyze server references...
[2Ktransforming...✓ 86 modules transformed.
rendering chunks...
✓ built in 149ms
[3/5] build rsc environment...
[2Ktransforming...✓ 223 modules transformed.
rendering chunks...
computing gzip size...
✓ built in 485ms
[4/5] build client environment...
[2Ktransforming...✓ 132 modules transformed.
rendering chunks...
computing gzip size...
✓ built in 462ms
[5/5] build ssr environment...
[2Ktransforming...✓ 92 modules transformed.
rendering chunks...
computing gzip size...
✓ built in 347ms
[0m
  Route (app)
  ─ ? /

  ? Unknown

  ? Some routes could not be classified. vinext currently uses static analysis
    and cannot detect dynamic API usage (headers(), cookies(), etc.) at build time.
    Automatic classification will be improved in a future release.

  Build complete. Run `vinext start` to start the production server.

(node:28848) [DEP0040] DeprecationWarning: The `punycode` module is deprecated. Please use a userland alternative instead.
(Use `node --trace-deprecation ...` to show where the warning was created)
