
> sites-project@0.1.0 build
> vinext build


  vinext build  (Vite 8.0.13)

(node:36996) [DEP0040] DeprecationWarning: The `punycode` module is deprecated. Please use a userland alternative instead.
(Use `node --trace-deprecation ...` to show where the warning was created)
[1/5] analyze client references...
[2K
transforming...✓ 228 modules transformed.
rendering chunks...
✓ built in 2.17s
[2/5] analyze server references...
[2K
transforming...✓ 156 modules transformed.
rendering chunks...
✓ built in 2.70s
[3/5] build rsc environment...
[2K
transforming...✓ 225 modules transformed.
rendering chunks...
computing gzip size...
✓ built in 1.44s
[4/5] build client environment...
[2K
transforming...✓ 164 modules transformed.
rendering chunks...
computing gzip size...
[plugin builtin:vite-reporter] 
(!) Some chunks are larger than 500 kB after minification. Consider:
- Using dynamic import() to code-split the application
- Use build.rolldownOptions.output.codeSplitting to improve chunking: https://rolldown.rs/reference/OutputOptions.codeSplitting
- Adjust chunk size limit for this warning via build.chunkSizeWarningLimit.
✓ built in 2.35s
[5/5] build ssr environment...
[2K
transforming...✓ 158 modules transformed.
rendering chunks...
computing gzip size...
✓ built in 1.53s
[0m
  Route (app)
  ┌ ? /          
  └ ? /3d-sandbox

  ? Unknown

  ? Some routes could not be classified. vinext currently uses static analysis
    and cannot detect dynamic API usage (headers(), cookies(), etc.) at build time.
    Automatic classification will be improved in a future release.
  Build complete. Run `vinext start` to start the production server.

