✔ no input selects idle and keeps the player grounded (1.2081ms)
✔ walking uses delta time and faces the world movement direction (0.3645ms)
✔ delta-time integration is stable across different frame steps (0.2702ms)
✔ running changes speed only when shift intent is active (0.1372ms)
✔ diagonal movement is normalized (0.1573ms)
✔ ground constraint prevents vertical drift and clamps world-space bounds (0.1867ms)
✔ turning follows the shortest path and remains damped (0.1232ms)
✔ animation selection follows movement state, not keyboard codes (0.1116ms)
✔ development asset contract names the required skeletal clips (0.9026ms)
✔ camera offset remains finite and follows orbit mathematics (0.3768ms)
✔ keyboard input clears held keys on blur and focus restore (0.4885ms)
✔ turn calculations stay finite under repeated direction changes (2.0053ms)
✔ fixed clock emits deterministic ticks and bounded catch-up (0.6489ms)
ℹ tests 13
ℹ suites 0
ℹ pass 13
ℹ fail 0
ℹ cancelled 0
ℹ skipped 0
ℹ todo 0
ℹ duration_ms 1040.528
