✔ no input selects idle and keeps the player grounded (1.1846ms)
✔ walking uses delta time and faces the world movement direction (0.3242ms)
✔ delta-time integration is stable across different frame steps (0.2472ms)
✔ running changes speed only when shift intent is active (0.1441ms)
✔ diagonal movement is normalized (0.147ms)
✔ ground constraint prevents vertical drift and clamps world-space bounds (0.1797ms)
✔ turning follows the shortest path and remains damped (0.1496ms)
✔ animation selection follows movement state, not keyboard codes (0.1375ms)
✔ development asset contract names the required skeletal clips (1.0078ms)
✔ camera offset remains finite and follows orbit mathematics (0.3963ms)
✔ keyboard input clears held keys on blur and focus restore (0.7123ms)
✔ turn calculations stay finite under repeated direction changes (2.2353ms)
✔ fixed clock emits deterministic ticks and bounded catch-up (0.8615ms)
ℹ tests 13
ℹ suites 0
ℹ pass 13
ℹ fail 0
ℹ cancelled 0
ℹ skipped 0
ℹ todo 0
ℹ duration_ms 880.7732
