✔ keyboard movement changes position and stays inside legacy bounds (11.8292ms)
✔ paused match rejects combat and preserves the whole simulation snapshot (0.782ms)
✔ one paired move owns both actors until release (0.4351ms)
✔ block reduces incoming light-strike damage to one fifth (0.4678ms)
✔ invalid upgrade requests do not mutate a profile (0.5023ms)
✔ legacy profile parsing bounds nonfinite and negative counters (0.4477ms)
✔ same injected random stream and input reproduce a match (3.4544ms)
✔ completed match ignores later movement and damage (0.8298ms)
✔ no input selects idle and keeps the player grounded (1.4411ms)
✔ walking uses delta time and faces the world movement direction (0.5082ms)
✔ delta-time integration is stable across different frame steps (0.4442ms)
✔ running changes speed only when shift intent is active (0.2461ms)
✔ diagonal movement is normalized (0.2356ms)
✔ ground constraint prevents vertical drift and clamps world-space bounds (0.4291ms)
✔ turning follows the shortest path and remains damped (0.2189ms)
✔ animation selection follows movement state, not keyboard codes (0.2141ms)
✔ development asset contract names the required skeletal clips (1.3491ms)
✔ camera offset remains finite and follows orbit mathematics (0.7539ms)
✔ keyboard input clears held keys on blur and focus restore (0.7403ms)
✔ turn calculations stay finite under repeated direction changes (3.908ms)
✔ fixed clock emits deterministic ticks and bounded catch-up (0.5249ms)
✔ two actors start grounded and CPU locomotion approaches without input-reading (3.5702ms)
✔ player world-space movement and ring bounds are enforced (0.5073ms)
✔ deep overlap is separated without teleporting outside legal space (0.3571ms)
✔ actors face each other with finite smooth yaw values (0.7614ms)
✔ broadcast midpoint helper damps toward both actors (0.4499ms)
✔ ring source defines raised platform, apron, posts, turnbuckles and ropes (3.8342ms)
✔ light strike has startup, active, recovery and exactly one hit (1.4888ms)
✔ out-of-range attack misses and does not damage (0.2336ms)
✔ stamina is consumed then recovers without soft-lock (1.8207ms)
✔ blocking reduces incoming damage and prevents knockdown (0.4824ms)
✔ heavy hit causes knockdown and controlled recovery (0.3902ms)
✔ successful combat increases momentum and hit reaction (0.1745ms)
✔ CPU attacks occasionally but not continuously (0.2993ms)
✔ combat states gate movement while idle remains available (0.1615ms)
✔ grapple connects, synchronizes poses and releases after impact
✔ out-of-range grapple misses and unlocks
✔ submission can be escaped before completion
✔ submission completes when escape input is absent
✔ signature and finisher require momentum and consume it
✔ move definitions expose stable costs and camera cue
ℹ tests 6
ℹ pass 6
ℹ fail 0
✔ tests\phase4.mjs (216.3466ms)
✔ arena contains stage, tunnel, ramp, screen, barricades, crowd and commentary area
✔ six finite camera anchors are available
✔ crowd uses one instanced mesh for bounded draw overhead
ℹ tests 3
ℹ pass 3
ℹ fail 0
✔ tests\phase5.mjs (271.2482ms)
✔ four distinct entrance timelines complete through ring pose
✔ stage, ramp, ringside, ring-entry and ring-pose states are observed
✔ skip is stable at stage, ramp and ringside and sequential timelines are isolated
ℹ tests 3
ℹ pass 3
ℹ fail 0
✔ tests\phase6.mjs (212.2853ms)
✔ backstage world has nine connected zones and reusable anchors
✔ movement remains finite and clamps to world bounds
✔ interaction range toggles correctly and all destination zones resolve
ℹ tests 3
ℹ pass 3
ℹ fail 0
✔ tests\phase7.mjs (268.0739ms)
ℹ tests 39
ℹ suites 0
ℹ pass 39
ℹ fail 0
ℹ cancelled 0
ℹ skipped 0
ℹ todo 0
ℹ duration_ms 1012.861
