✔ no input selects idle and keeps the player grounded (3.3503ms)
✔ walking uses delta time and faces the world movement direction (1.0191ms)
✔ delta-time integration is stable across different frame steps (0.4935ms)
✔ running changes speed only when shift intent is active (0.2756ms)
✔ diagonal movement is normalized (0.2682ms)
✔ ground constraint prevents vertical drift and clamps world-space bounds (0.3609ms)
✔ turning follows the shortest path and remains damped (0.3039ms)
✔ animation selection follows movement state, not keyboard codes (0.2875ms)
✔ development asset contract names the required skeletal clips (2.7024ms)
✔ camera offset remains finite and follows orbit mathematics (1.4561ms)
✔ keyboard input clears held keys on blur and focus restore (1.4442ms)
✔ turn calculations stay finite under repeated direction changes (4.4694ms)
✔ fixed clock emits deterministic ticks and bounded catch-up (0.5117ms)
ℹ tests 13
ℹ suites 0
ℹ pass 13
ℹ fail 0
ℹ cancelled 0
ℹ skipped 0
ℹ todo 0
ℹ duration_ms 1577.4634
