
> sites-project@0.1.0 build
> vinext build


  vinext build  (Vite 8.0.13)

[1/5] analyze client references...
[2K
transforming...✓ 232 modules transformed.
rendering chunks...
✓ built in 2.48s
[2/5] analyze server references...
[2K
transforming...✓ 171 modules transformed.
rendering chunks...
✓ built in 3.66s
[3/5] build rsc environment...
[2K
transforming...✓ 229 modules transformed.
rendering chunks...
computing gzip size...
✓ built in 1.88s
[4/5] build client environment...
[2K
transforming...✓ 179 modules transformed.
rendering chunks...
computing gzip size...
✓ built in 3.67s
[5/5] build ssr environment...
[2K
transforming...✓ 173 modules transformed.
rendering chunks...
computing gzip size...
✓ built in 2.40s
[0m
  Route (app)
  ┌ ? /          
  ├ ? /3d-match  
  ├ ? /3d-sandbox
  ├ ? /backstage 
  └ ? /entrance  

  ? Unknown

  ? Some routes could not be classified. vinext currently uses static analysis
    and cannot detect dynamic API usage (headers(), cookies(), etc.) at build time.
    Automatic classification will be improved in a future release.
  Build complete. Run `vinext start` to start the production server.

