✔ no input selects idle and keeps the player grounded (3.5302ms)
✔ walking uses delta time and faces the world movement direction (1.0146ms)
✔ delta-time integration is stable across different frame steps (0.8099ms)
✔ running changes speed only when shift intent is active (0.489ms)
✔ diagonal movement is normalized (0.4335ms)
✔ ground constraint prevents vertical drift and clamps world-space bounds (0.4791ms)
✔ turning follows the shortest path and remains damped (0.4459ms)
✔ animation selection follows movement state, not keyboard codes (0.4347ms)
✔ development asset contract names the required skeletal clips (2.8388ms)
✔ camera offset remains finite and follows orbit mathematics (0.8497ms)
✔ keyboard input clears held keys on blur and focus restore (1.2982ms)
✔ turn calculations stay finite under repeated direction changes (3.5453ms)
✔ fixed clock emits deterministic ticks and bounded catch-up (0.8925ms)
ℹ tests 13
ℹ suites 0
ℹ pass 13
ℹ fail 0
ℹ cancelled 0
ℹ skipped 0
ℹ todo 0
ℹ duration_ms 1855.019
